#
# There is insufficient memory for the Java Runtime Environment to continue.
# Native memory allocation (malloc) failed to allocate 32744 bytes. Error detail: ChunkPool::allocate
# Possible reasons:
#   The system is out of physical RAM or swap space
#   This process is running with CompressedOops enabled, and the Java Heap may be blocking the growth of the native heap
# Possible solutions:
#   Reduce memory load on the system
#   Increase physical memory or swap space
#   Check if swap backing store is full
#   Decrease Java heap size (-Xmx/-Xms)
#   Decrease number of Java threads
#   Decrease Java thread stack sizes (-Xss)
#   Set larger code cache with -XX:ReservedCodeCacheSize=
#
Out of Memory Error (arena.cpp:79), pid=29832, tid=19344
#
# JRE version: OpenJDK Runtime Environment Microsoft-13877129 (17.0.19+10) (build 17.0.19+10-LTS)
# Java VM: OpenJDK 64-Bit Server VM Microsoft-13877129 (17.0.19+10-LTS, mixed mode, sharing, tiered, compressed oops, compressed class ptrs, g1 gc, windows-amd64)
# No core dump will be written. Minidumps are not enabled by default on client versions of Windows
#

---------------  S U M M A R Y ------------

Command Line: -Xmx64m -Xms64m -Dorg.gradle.appname=gradlew D:\HRportal-Mobile--version\android\\gradle\wrapper\gradle-wrapper.jar app:installDebug -PreactNativeDevServerPort=8081

Host: AMD Ryzen 5 5600H with Radeon Graphics         , 12 cores, 7G,  Windows 11 , 64 bit Build 26100 (10.0.26100.8521)
Time: Tue Jun 16 13:02:44 2026 India Standard Time elapsed time: 552.809799 seconds (0d 0h 9m 12s)

---------------  T H R E A D  ---------------

Current thread (0x000001bd5756c810):  JavaThread "C2 CompilerThread0" daemon [_thread_in_vm, id=19344, stack(0x0000000101300000,0x0000000101400000)]


Current CompileTask:
C2:552834 2388       4       java.util.concurrent.ScheduledThreadPoolExecutor$ScheduledFutureTask::run (57 bytes)

Stack: [0x0000000101300000,0x0000000101400000]
Native frames: (J=compiled Java code, j=interpreted, Vv=VM code, C=native code)
V  [jvm.dll+0x68cc89]  (no source info available)
V  [jvm.dll+0x845d89]  (no source info available)
V  [jvm.dll+0x847af8]  (no source info available)
V  [jvm.dll+0x848183]  (no source info available)
V  [jvm.dll+0x24d0bf]  (no source info available)
V  [jvm.dll+0xaef5e]  (no source info available)
V  [jvm.dll+0xaf3fc]  (no source info available)
V  [jvm.dll+0x1da221]  (no source info available)
V  [jvm.dll+0x1c7cbf]  (no source info available)
V  [jvm.dll+0x1c7b30]  (no source info available)
V  [jvm.dll+0x1ca308]  (no source info available)
V  [jvm.dll+0x1c79ce]  (no source info available)
V  [jvm.dll+0x1c78c9]  (no source info available)
V  [jvm.dll+0x1dcc61]  (no source info available)
V  [jvm.dll+0x1e1dc2]  (no source info available)
V  [jvm.dll+0x1dfddd]  (no source info available)
V  [jvm.dll+0x1e2239]  (no source info available)
V  [jvm.dll+0x1e1a9d]  (no source info available)
V  [jvm.dll+0x1e2753]  (no source info available)
V  [jvm.dll+0x1e1d6e]  (no source info available)
V  [jvm.dll+0x1d1790]  (no source info available)
V  [jvm.dll+0x12b376]  (no source info available)
V  [jvm.dll+0x2b212f]  (no source info available)
V  [jvm.dll+0x2b3e52]  (no source info available)
V  [jvm.dll+0x6a7b41]  (no source info available)
V  [jvm.dll+0x69fcb8]  (no source info available)
V  [jvm.dll+0x69f54a]  (no source info available)
V  [jvm.dll+0x69d2ec]  (no source info available)
V  [jvm.dll+0x1abdbc]  (no source info available)
V  [jvm.dll+0x1ac98b]  (no source info available)
V  [jvm.dll+0x2b3ecc]  (no source info available)
V  [jvm.dll+0x6a7b41]  (no source info available)
V  [jvm.dll+0x69fcb8]  (no source info available)
V  [jvm.dll+0x69f54a]  (no source info available)
V  [jvm.dll+0x69d2ec]  (no source info available)
V  [jvm.dll+0x1abdbc]  (no source info available)
V  [jvm.dll+0x1ac98b]  (no source info available)
V  [jvm.dll+0x2b3ecc]  (no source info available)
V  [jvm.dll+0x6a7b41]  (no source info available)
V  [jvm.dll+0x69fcb8]  (no source info available)
V  [jvm.dll+0x69f54a]  (no source info available)
V  [jvm.dll+0x69d2ec]  (no source info available)
V  [jvm.dll+0x1abdbc]  (no source info available)
V  [jvm.dll+0x1ac98b]  (no source info available)
V  [jvm.dll+0x2b3ecc]  (no source info available)
V  [jvm.dll+0x6a7b41]  (no source info available)
V  [jvm.dll+0x69fcb8]  (no source info available)
V  [jvm.dll+0x69f54a]  (no source info available)
V  [jvm.dll+0x69d2ec]  (no source info available)
V  [jvm.dll+0x1abdbc]  (no source info available)
V  [jvm.dll+0x1ac98b]  (no source info available)
V  [jvm.dll+0x2b3ecc]  (no source info available)
V  [jvm.dll+0x6a7b41]  (no source info available)
V  [jvm.dll+0x69fcb8]  (no source info available)
V  [jvm.dll+0x69f54a]  (no source info available)
V  [jvm.dll+0x69d2ec]  (no source info available)
V  [jvm.dll+0x1abdbc]  (no source info available)
V  [jvm.dll+0x1ac98b]  (no source info available)
V  [jvm.dll+0x2b3ecc]  (no source info available)
V  [jvm.dll+0x6a7b41]  (no source info available)
V  [jvm.dll+0x69fcb8]  (no source info available)
V  [jvm.dll+0x69f54a]  (no source info available)
V  [jvm.dll+0x69d2ec]  (no source info available)
V  [jvm.dll+0x1abdbc]  (no source info available)
V  [jvm.dll+0x1ac98b]  (no source info available)
V  [jvm.dll+0x1ac98b]  (no source info available)
V  [jvm.dll+0x2b3ecc]  (no source info available)
V  [jvm.dll+0x6a7b41]  (no source info available)
V  [jvm.dll+0x69fcb8]  (no source info available)
V  [jvm.dll+0x69f54a]  (no source info available)
V  [jvm.dll+0x69d2ec]  (no source info available)
V  [jvm.dll+0x1abdbc]  (no source info available)
V  [jvm.dll+0x1ac98b]  (no source info available)
V  [jvm.dll+0x2b3ecc]  (no source info available)
V  [jvm.dll+0x6a7b41]  (no source info available)
V  [jvm.dll+0x69fcb8]  (no source info available)
V  [jvm.dll+0x69f54a]  (no source info available)
V  [jvm.dll+0x69d2ec]  (no source info available)
V  [jvm.dll+0x1abdbc]  (no source info available)
V  [jvm.dll+0x21d082]  (no source info available)
V  [jvm.dll+0x1a8db6]  (no source info available)
V  [jvm.dll+0x22dc6b]  (no source info available)
V  [jvm.dll+0x22bdf6]  (no source info available)
V  [jvm.dll+0x7fbecb]  (no source info available)
V  [jvm.dll+0x7f62cc]  (no source info available)
V  [jvm.dll+0x68e227]  (no source info available)
C  [ucrtbase.dll+0x2cd30]  (no source info available)
C  [KERNEL32.DLL+0x2e957]  (no source info available)
C  [ntdll.dll+0x87c1c]  (no source info available)


---------------  P R O C E S S  ---------------

Threads class SMR info:
_java_thread_list=0x000001bd9dd475d0, length=13, elements={
0x000001bd3d67a4c0, 0x000001bd575523b0, 0x000001bd57553ae0, 0x000001bd57567dd0,
0x000001bd5756a7a0, 0x000001bd5756b160, 0x000001bd5756bb20, 0x000001bd5756c810,
0x000001bd575a7760, 0x000001bd575bc550, 0x000001bd576e06b0, 0x000001bd576e10d0,
0x000001bd576e15e0
}

Java Threads: ( => current thread )
  0x000001bd3d67a4c0 JavaThread "main" [_thread_in_native, id=15300, stack(0x0000000100600000,0x0000000100700000)]
  0x000001bd575523b0 JavaThread "Reference Handler" daemon [_thread_blocked, id=18296, stack(0x0000000100d00000,0x0000000100e00000)]
  0x000001bd57553ae0 JavaThread "Finalizer" daemon [_thread_blocked, id=13924, stack(0x0000000100e00000,0x0000000100f00000)]
  0x000001bd57567dd0 JavaThread "Signal Dispatcher" daemon [_thread_blocked, id=17976, stack(0x0000000100f00000,0x0000000101000000)]
  0x000001bd5756a7a0 JavaThread "Attach Listener" daemon [_thread_blocked, id=14060, stack(0x0000000101000000,0x0000000101100000)]
  0x000001bd5756b160 JavaThread "Service Thread" daemon [_thread_blocked, id=28868, stack(0x0000000101100000,0x0000000101200000)]
  0x000001bd5756bb20 JavaThread "Monitor Deflation Thread" daemon [_thread_blocked, id=23900, stack(0x0000000101200000,0x0000000101300000)]
=>0x000001bd5756c810 JavaThread "C2 CompilerThread0" daemon [_thread_in_vm, id=19344, stack(0x0000000101300000,0x0000000101400000)]
  0x000001bd575a7760 JavaThread "C1 CompilerThread0" daemon [_thread_blocked, id=30216, stack(0x0000000101400000,0x0000000101500000)]
  0x000001bd575bc550 JavaThread "Sweeper thread" daemon [_thread_blocked, id=29144, stack(0x0000000101500000,0x0000000101600000)]
  0x000001bd576e06b0 JavaThread "Notification Thread" daemon [_thread_blocked, id=11292, stack(0x0000000101600000,0x0000000101700000)]
  0x000001bd576e10d0 JavaThread "Common-Cleaner" daemon [_thread_blocked, id=18140, stack(0x0000000101800000,0x0000000101900000)]
  0x000001bd576e15e0 JavaThread "pool-1-thread-1" [_thread_blocked, id=24972, stack(0x0000000101900000,0x0000000101a00000)]

Other Threads:
  0x000001bd3d727f00 VMThread "VM Thread" [stack: 0x0000000100c00000,0x0000000100d00000] [id=13596]
  0x000001bd576e5640 WatcherThread [stack: 0x0000000101700000,0x0000000101800000] [id=26396]
  0x000001bd3d69d4f0 GCTaskThread "GC Thread#0" [stack: 0x0000000100700000,0x0000000100800000] [id=18904]
  0x000001bd9d13eee0 GCTaskThread "GC Thread#1" [stack: 0x0000000101a00000,0x0000000101b00000] [id=28992]
  0x000001bd9d11f730 GCTaskThread "GC Thread#2" [stack: 0x0000000101b00000,0x0000000101c00000] [id=14496]
  0x000001bd9d11fcd0 GCTaskThread "GC Thread#3" [stack: 0x0000000101c00000,0x0000000101d00000] [id=30044]
  0x000001bd9d120540 GCTaskThread "GC Thread#4" [stack: 0x0000000101d00000,0x0000000101e00000] [id=21496]
  0x000001bd9d11eec0 GCTaskThread "GC Thread#5" [stack: 0x0000000101e00000,0x0000000101f00000] [id=20476]
  0x000001bd9d11fa00 GCTaskThread "GC Thread#6" [stack: 0x0000000101f00000,0x0000000102000000] [id=15488]
  0x000001bd9d120810 GCTaskThread "GC Thread#7" [stack: 0x0000000102000000,0x0000000102100000] [id=11012]
  0x000001bd9d17a3e0 GCTaskThread "GC Thread#8" [stack: 0x0000000100100000,0x0000000100200000] [id=13608]
  0x000001bd9d179300 GCTaskThread "GC Thread#9" [stack: 0x0000000100400000,0x0000000100500000] [id=14420]
  0x000001bd3d69ec50 ConcurrentGCThread "G1 Main Marker" [stack: 0x0000000100800000,0x0000000100900000] [id=22476]
  0x000001bd3d6a0340 ConcurrentGCThread "G1 Conc#0" [stack: 0x0000000100900000,0x0000000100a00000] [id=30000]
  0x000001bd3d70ef10 ConcurrentGCThread "G1 Refine#0" [stack: 0x0000000100a00000,0x0000000100b00000] [id=21640]
  0x000001bd3d70f950 ConcurrentGCThread "G1 Service" [stack: 0x0000000100b00000,0x0000000100c00000] [id=26316]

Threads with active compile tasks:
C2 CompilerThread0  553436 2388       4       java.util.concurrent.ScheduledThreadPoolExecutor$ScheduledFutureTask::run (57 bytes)

VM state: not at safepoint (normal execution)

VM Mutex/Monitor currently owned by a thread: None

Heap address: 0x00000000fc000000, size: 64 MB, Compressed Oops mode: 32-bit

CDS archive(s) mapped at: [0x000001bd58000000-0x000001bd58bb0000-0x000001bd58bb0000), size 12255232, SharedBaseAddress: 0x000001bd58000000, ArchiveRelocationMode: 1.
Compressed class space mapped at: 0x000001bd59000000-0x000001bd99000000, reserved size: 1073741824
Narrow klass base: 0x000001bd58000000, Narrow klass shift: 0, Narrow klass range: 0x100000000

GC Precious Log:
 CPUs: 12 total, 12 available
 Memory: 7518M
 Large Page Support: Disabled
 NUMA Support: Disabled
 Compressed Oops: Enabled (32-bit)
 Heap Region Size: 1M
 Heap Min Capacity: 64M
 Heap Initial Capacity: 64M
 Heap Max Capacity: 64M
 Pre-touch: Disabled
 Parallel Workers: 10
 Concurrent Workers: 3
 Concurrent Refinement Workers: 10
 Periodic GC: Disabled

Heap:
 garbage-first heap   total 65536K, used 14420K [0x00000000fc000000, 0x0000000100000000)
  region size 1024K, 4 young (4096K), 3 survivors (3072K)
 Metaspace       used 11133K, committed 11392K, reserved 1114112K
  class space    used 1401K, committed 1536K, reserved 1048576K

Heap Regions: E=young(eden), S=young(survivor), O=old, HS=humongous(starts), HC=humongous(continues), CS=collection set, F=free, OA=open archive, CA=closed archive, TAMS=top-at-mark-start (previous, next)
|   0|0x00000000fc000000, 0x00000000fc100000, 0x00000000fc100000|100%|HS|  |TAMS 0x00000000fc000000, 0x00000000fc000000| Complete 
|   1|0x00000000fc100000, 0x00000000fc200000, 0x00000000fc200000|100%|HC|  |TAMS 0x00000000fc100000, 0x00000000fc100000| Complete 
|   2|0x00000000fc200000, 0x00000000fc300000, 0x00000000fc300000|100%|HC|  |TAMS 0x00000000fc200000, 0x00000000fc200000| Complete 
|   3|0x00000000fc300000, 0x00000000fc400000, 0x00000000fc400000|100%|HC|  |TAMS 0x00000000fc300000, 0x00000000fc300000| Complete 
|   4|0x00000000fc400000, 0x00000000fc500000, 0x00000000fc500000|100%| O|  |TAMS 0x00000000fc400000, 0x00000000fc400000| Untracked 
|   5|0x00000000fc500000, 0x00000000fc600000, 0x00000000fc600000|100%| O|  |TAMS 0x00000000fc500000, 0x00000000fc500000| Untracked 
|   6|0x00000000fc600000, 0x00000000fc700000, 0x00000000fc700000|100%| O|  |TAMS 0x00000000fc600000, 0x00000000fc600000| Untracked 
|   7|0x00000000fc700000, 0x00000000fc800000, 0x00000000fc800000|100%| O|  |TAMS 0x00000000fc700000, 0x00000000fc700000| Untracked 
|   8|0x00000000fc800000, 0x00000000fc900000, 0x00000000fc900000|100%| O|  |TAMS 0x00000000fc800000, 0x00000000fc800000| Untracked 
|   9|0x00000000fc900000, 0x00000000fca00000, 0x00000000fca00000|100%| O|  |TAMS 0x00000000fc900000, 0x00000000fc900000| Untracked 
|  10|0x00000000fca00000, 0x00000000fcb00000, 0x00000000fcb00000|100%| O|  |TAMS 0x00000000fca00000, 0x00000000fca00000| Untracked 
|  11|0x00000000fcb00000, 0x00000000fcb95200, 0x00000000fcc00000| 58%| O|  |TAMS 0x00000000fcb00000, 0x00000000fcb00000| Untracked 
|  12|0x00000000fcc00000, 0x00000000fcc00000, 0x00000000fcd00000|  0%| F|  |TAMS 0x00000000fcc00000, 0x00000000fcc00000| Untracked 
|  13|0x00000000fcd00000, 0x00000000fcd00000, 0x00000000fce00000|  0%| F|  |TAMS 0x00000000fcd00000, 0x00000000fcd00000| Untracked 
|  14|0x00000000fce00000, 0x00000000fce00000, 0x00000000fcf00000|  0%| F|  |TAMS 0x00000000fce00000, 0x00000000fce00000| Untracked 
|  15|0x00000000fcf00000, 0x00000000fcf00000, 0x00000000fd000000|  0%| F|  |TAMS 0x00000000fcf00000, 0x00000000fcf00000| Untracked 
|  16|0x00000000fd000000, 0x00000000fd000000, 0x00000000fd100000|  0%| F|  |TAMS 0x00000000fd000000, 0x00000000fd000000| Untracked 
|  17|0x00000000fd100000, 0x00000000fd100000, 0x00000000fd200000|  0%| F|  |TAMS 0x00000000fd100000, 0x00000000fd100000| Untracked 
|  18|0x00000000fd200000, 0x00000000fd200000, 0x00000000fd300000|  0%| F|  |TAMS 0x00000000fd200000, 0x00000000fd200000| Untracked 
|  19|0x00000000fd300000, 0x00000000fd300000, 0x00000000fd400000|  0%| F|  |TAMS 0x00000000fd300000, 0x00000000fd300000| Untracked 
|  20|0x00000000fd400000, 0x00000000fd400000, 0x00000000fd500000|  0%| F|  |TAMS 0x00000000fd400000, 0x00000000fd400000| Untracked 
|  21|0x00000000fd500000, 0x00000000fd500000, 0x00000000fd600000|  0%| F|  |TAMS 0x00000000fd500000, 0x00000000fd500000| Untracked 
|  22|0x00000000fd600000, 0x00000000fd600000, 0x00000000fd700000|  0%| F|  |TAMS 0x00000000fd600000, 0x00000000fd600000| Untracked 
|  23|0x00000000fd700000, 0x00000000fd700000, 0x00000000fd800000|  0%| F|  |TAMS 0x00000000fd700000, 0x00000000fd700000| Untracked 
|  24|0x00000000fd800000, 0x00000000fd800000, 0x00000000fd900000|  0%| F|  |TAMS 0x00000000fd800000, 0x00000000fd800000| Untracked 
|  25|0x00000000fd900000, 0x00000000fd900000, 0x00000000fda00000|  0%| F|  |TAMS 0x00000000fd900000, 0x00000000fd900000| Untracked 
|  26|0x00000000fda00000, 0x00000000fda00000, 0x00000000fdb00000|  0%| F|  |TAMS 0x00000000fda00000, 0x00000000fda00000| Untracked 
|  27|0x00000000fdb00000, 0x00000000fdb00000, 0x00000000fdc00000|  0%| F|  |TAMS 0x00000000fdb00000, 0x00000000fdb00000| Untracked 
|  28|0x00000000fdc00000, 0x00000000fdc00000, 0x00000000fdd00000|  0%| F|  |TAMS 0x00000000fdc00000, 0x00000000fdc00000| Untracked 
|  29|0x00000000fdd00000, 0x00000000fdd00000, 0x00000000fde00000|  0%| F|  |TAMS 0x00000000fdd00000, 0x00000000fdd00000| Untracked 
|  30|0x00000000fde00000, 0x00000000fde00000, 0x00000000fdf00000|  0%| F|  |TAMS 0x00000000fde00000, 0x00000000fde00000| Untracked 
|  31|0x00000000fdf00000, 0x00000000fdf00000, 0x00000000fe000000|  0%| F|  |TAMS 0x00000000fdf00000, 0x00000000fdf00000| Untracked 
|  32|0x00000000fe000000, 0x00000000fe000000, 0x00000000fe100000|  0%| F|  |TAMS 0x00000000fe000000, 0x00000000fe000000| Untracked 
|  33|0x00000000fe100000, 0x00000000fe100000, 0x00000000fe200000|  0%| F|  |TAMS 0x00000000fe100000, 0x00000000fe100000| Untracked 
|  34|0x00000000fe200000, 0x00000000fe200000, 0x00000000fe300000|  0%| F|  |TAMS 0x00000000fe200000, 0x00000000fe200000| Untracked 
|  35|0x00000000fe300000, 0x00000000fe37ff00, 0x00000000fe400000| 49%| S|CS|TAMS 0x00000000fe300000, 0x00000000fe300000| Complete 
|  36|0x00000000fe400000, 0x00000000fe500000, 0x00000000fe500000|100%| S|CS|TAMS 0x00000000fe400000, 0x00000000fe400000| Complete 
|  37|0x00000000fe500000, 0x00000000fe600000, 0x00000000fe600000|100%| S|CS|TAMS 0x00000000fe500000, 0x00000000fe500000| Complete 
|  38|0x00000000fe600000, 0x00000000fe600000, 0x00000000fe700000|  0%| F|  |TAMS 0x00000000fe600000, 0x00000000fe600000| Untracked 
|  39|0x00000000fe700000, 0x00000000fe700000, 0x00000000fe800000|  0%| F|  |TAMS 0x00000000fe700000, 0x00000000fe700000| Untracked 
|  40|0x00000000fe800000, 0x00000000fe800000, 0x00000000fe900000|  0%| F|  |TAMS 0x00000000fe800000, 0x00000000fe800000| Untracked 
|  41|0x00000000fe900000, 0x00000000fe900000, 0x00000000fea00000|  0%| F|  |TAMS 0x00000000fe900000, 0x00000000fe900000| Untracked 
|  42|0x00000000fea00000, 0x00000000fea00000, 0x00000000feb00000|  0%| F|  |TAMS 0x00000000fea00000, 0x00000000fea00000| Untracked 
|  43|0x00000000feb00000, 0x00000000feb00000, 0x00000000fec00000|  0%| F|  |TAMS 0x00000000feb00000, 0x00000000feb00000| Untracked 
|  44|0x00000000fec00000, 0x00000000fec00000, 0x00000000fed00000|  0%| F|  |TAMS 0x00000000fec00000, 0x00000000fec00000| Untracked 
|  45|0x00000000fed00000, 0x00000000fed00000, 0x00000000fee00000|  0%| F|  |TAMS 0x00000000fed00000, 0x00000000fed00000| Untracked 
|  46|0x00000000fee00000, 0x00000000fee00000, 0x00000000fef00000|  0%| F|  |TAMS 0x00000000fee00000, 0x00000000fee00000| Untracked 
|  47|0x00000000fef00000, 0x00000000fef00000, 0x00000000ff000000|  0%| F|  |TAMS 0x00000000fef00000, 0x00000000fef00000| Untracked 
|  48|0x00000000ff000000, 0x00000000ff000000, 0x00000000ff100000|  0%| F|  |TAMS 0x00000000ff000000, 0x00000000ff000000| Untracked 
|  49|0x00000000ff100000, 0x00000000ff100000, 0x00000000ff200000|  0%| F|  |TAMS 0x00000000ff100000, 0x00000000ff100000| Untracked 
|  50|0x00000000ff200000, 0x00000000ff200000, 0x00000000ff300000|  0%| F|  |TAMS 0x00000000ff200000, 0x00000000ff200000| Untracked 
|  51|0x00000000ff300000, 0x00000000ff300000, 0x00000000ff400000|  0%| F|  |TAMS 0x00000000ff300000, 0x00000000ff300000| Untracked 
|  52|0x00000000ff400000, 0x00000000ff400000, 0x00000000ff500000|  0%| F|  |TAMS 0x00000000ff400000, 0x00000000ff400000| Untracked 
|  53|0x00000000ff500000, 0x00000000ff500000, 0x00000000ff600000|  0%| F|  |TAMS 0x00000000ff500000, 0x00000000ff500000| Untracked 
|  54|0x00000000ff600000, 0x00000000ff600000, 0x00000000ff700000|  0%| F|  |TAMS 0x00000000ff600000, 0x00000000ff600000| Untracked 
|  55|0x00000000ff700000, 0x00000000ff700000, 0x00000000ff800000|  0%| F|  |TAMS 0x00000000ff700000, 0x00000000ff700000| Untracked 
|  56|0x00000000ff800000, 0x00000000ff800000, 0x00000000ff900000|  0%| F|  |TAMS 0x00000000ff800000, 0x00000000ff800000| Untracked 
|  57|0x00000000ff900000, 0x00000000ff900000, 0x00000000ffa00000|  0%| F|  |TAMS 0x00000000ff900000, 0x00000000ff900000| Untracked 
|  58|0x00000000ffa00000, 0x00000000ffa00000, 0x00000000ffb00000|  0%| F|  |TAMS 0x00000000ffa00000, 0x00000000ffa00000| Untracked 
|  59|0x00000000ffb00000, 0x00000000ffb00000, 0x00000000ffc00000|  0%| F|  |TAMS 0x00000000ffb00000, 0x00000000ffb00000| Untracked 
|  60|0x00000000ffc00000, 0x00000000ffc00000, 0x00000000ffd00000|  0%| F|  |TAMS 0x00000000ffc00000, 0x00000000ffc00000| Untracked 
|  61|0x00000000ffd00000, 0x00000000ffd00000, 0x00000000ffe00000|  0%| F|  |TAMS 0x00000000ffd00000, 0x00000000ffd00000| Untracked 
|  62|0x00000000ffe00000, 0x00000000ffe00000, 0x00000000fff00000|  0%| F|  |TAMS 0x00000000ffe00000, 0x00000000ffe00000| Untracked 
|  63|0x00000000fff00000, 0x00000000fffc2c78, 0x0000000100000000| 76%| E|  |TAMS 0x00000000fff00000, 0x00000000fff00000| Complete 

Card table byte_map: [0x000001bd3b730000,0x000001bd3b750000] _byte_map_base: 0x000001bd3af50000

Marking Bits (Prev, Next): (CMBitMap*) 0x000001bd3d69db20, (CMBitMap*) 0x000001bd3d69db60
 Prev Bits: [0x000001bd54760000, 0x000001bd54860000)
 Next Bits: [0x000001bd54860000, 0x000001bd54960000)

Polling page: 0x000001bd3b6e0000

Metaspace:

Usage:
  Non-class:      9.50 MB used.
      Class:      1.37 MB used.
       Both:     10.87 MB used.

Virtual space:
  Non-class space:       64.00 MB reserved,       9.62 MB ( 15%) committed,  1 nodes.
      Class space:        1.00 GB reserved,       1.50 MB ( <1%) committed,  1 nodes.
             Both:        1.06 GB reserved,      11.12 MB (  1%) committed. 

Chunk freelists:
   Non-Class:  5.94 MB
       Class:  14.54 MB
        Both:  20.48 MB

MaxMetaspaceSize: unlimited
CompressedClassSpaceSize: 1.00 GB
Initial GC threshold: 21.00 MB
Current GC threshold: 21.00 MB
CDS: on
MetaspaceReclaimPolicy: balanced
 - commit_granule_bytes: 65536.
 - commit_granule_words: 8192.
 - virtual_space_node_default_size: 8388608.
 - enlarge_chunks_in_place: 1.
 - new_chunks_are_fully_committed: 0.
 - uncommit_free_chunks: 1.
 - use_allocation_guard: 0.
 - handle_deallocations: 1.


Internal statistics:

num_allocs_failed_limit: 0.
num_arena_births: 98.
num_arena_deaths: 0.
num_vsnodes_births: 2.
num_vsnodes_deaths: 0.
num_space_committed: 178.
num_space_uncommitted: 0.
num_chunks_returned_to_freelist: 0.
num_chunks_taken_from_freelist: 400.
num_chunk_merges: 0.
num_chunk_splits: 261.
num_chunks_enlarged: 210.
num_inconsistent_stats: 0.

CodeHeap 'non-profiled nmethods': size=120000Kb used=1192Kb max_used=1192Kb free=118807Kb
 bounds [0x000001bd4cce0000, 0x000001bd4cf50000, 0x000001bd54210000]
CodeHeap 'profiled nmethods': size=120000Kb used=4451Kb max_used=4451Kb free=115548Kb
 bounds [0x000001bd45210000, 0x000001bd45670000, 0x000001bd4c740000]
CodeHeap 'non-nmethods': size=5760Kb used=1189Kb max_used=1231Kb free=4570Kb
 bounds [0x000001bd4c740000, 0x000001bd4c9b0000, 0x000001bd4cce0000]
 total_blobs=2874 nmethods=2384 adapters=403
 compilation: enabled
              stopped_count=0, restarted_count=0
 full_count=0

Compilation events (20 events):
Event: 534.749 Thread 0x000001bd5756c810 nmethod 2378 0x000001bd4ce03210 code [0x000001bd4ce033a0, 0x000001bd4ce03588]
Event: 538.373 Thread 0x000001bd5756c810 2379       4       java.util.concurrent.ThreadPoolExecutor$Worker::unlock (7 bytes)
Event: 538.396 Thread 0x000001bd5756c810 nmethod 2379 0x000001bd4ce03690 code [0x000001bd4ce03820, 0x000001bd4ce03968]
Event: 538.484 Thread 0x000001bd5756c810 2380       4       org.gradle.internal.time.MonotonicClock::getCurrentTime (70 bytes)
Event: 538.518 Thread 0x000001bd5756c810 nmethod 2380 0x000001bd4ce03a90 code [0x000001bd4ce03c40, 0x000001bd4ce03ec8]
Event: 538.872 Thread 0x000001bd5756c810 2381   !   4       java.util.concurrent.ThreadPoolExecutor::getTask (177 bytes)
Event: 538.992 Thread 0x000001bd5756c810 nmethod 2381 0x000001bd4ce04190 code [0x000001bd4ce04420, 0x000001bd4ce05c40]
Event: 538.993 Thread 0x000001bd5756c810 2382       4       java.util.concurrent.ThreadPoolExecutor$Worker::lock (6 bytes)
Event: 538.995 Thread 0x000001bd5756c810 nmethod 2382 0x000001bd4ce06e90 code [0x000001bd4ce07020, 0x000001bd4ce07198]
Event: 539.074 Thread 0x000001bd5756c810 2383       4       java.util.concurrent.ScheduledThreadPoolExecutor$DelayedWorkQueue::add (9 bytes)
Event: 539.088 Thread 0x000001bd5756c810 nmethod 2383 0x000001bd4ce07290 code [0x000001bd4ce07460, 0x000001bd4ce07b08]
Event: 548.015 Thread 0x000001bd5756c810 2384       4       com.google.common.collect.Lists::equalsImpl (114 bytes)
Event: 548.086 Thread 0x000001bd5756c810 nmethod 2384 0x000001bd4ce08090 code [0x000001bd4ce08240, 0x000001bd4ce087d8]
Event: 548.087 Thread 0x000001bd5756c810 2385       4       com.google.common.collect.ImmutableList::equals (6 bytes)
Event: 548.106 Thread 0x000001bd5756c810 nmethod 2385 0x000001bd4ce08c10 code [0x000001bd4ce08dc0, 0x000001bd4ce09378]
Event: 549.296 Thread 0x000001bd5756c810 2386   !   4       java.util.concurrent.locks.AbstractQueuedSynchronizer::acquire (407 bytes)
Event: 549.336 Thread 0x000001bd5756c810 nmethod 2386 0x000001bd4ce09810 code [0x000001bd4ce099a0, 0x000001bd4ce09c18]
Event: 551.881 Thread 0x000001bd5756c810 2387       4       java.util.concurrent.ThreadPoolExecutor::ensurePrestart (41 bytes)
Event: 551.943 Thread 0x000001bd5756c810 nmethod 2387 0x000001bd4ce09e90 code [0x000001bd4ce0a020, 0x000001bd4ce0a0f8]
Event: 551.969 Thread 0x000001bd5756c810 2388       4       java.util.concurrent.ScheduledThreadPoolExecutor$ScheduledFutureTask::run (57 bytes)

GC Heap History (6 events):
Event: 0.566 GC heap before
{Heap before GC invocations=0 (full 0):
 garbage-first heap   total 65536K, used 23552K [0x00000000fc000000, 0x0000000100000000)
  region size 1024K, 23 young (23552K), 0 survivors (0K)
 Metaspace       used 1696K, committed 1792K, reserved 1114112K
  class space    used 158K, committed 192K, reserved 1048576K
}
Event: 0.575 GC heap after
{Heap after GC invocations=1 (full 0):
 garbage-first heap   total 65536K, used 1824K [0x00000000fc000000, 0x0000000100000000)
  region size 1024K, 2 young (2048K), 2 survivors (2048K)
 Metaspace       used 1696K, committed 1792K, reserved 1114112K
  class space    used 158K, committed 192K, reserved 1048576K
}
Event: 2.062 GC heap before
{Heap before GC invocations=1 (full 0):
 garbage-first heap   total 65536K, used 36640K [0x00000000fc000000, 0x0000000100000000)
  region size 1024K, 32 young (32768K), 2 survivors (2048K)
 Metaspace       used 7499K, committed 7680K, reserved 1114112K
  class space    used 995K, committed 1088K, reserved 1048576K
}
Event: 2.070 GC heap after
{Heap after GC invocations=2 (full 0):
 garbage-first heap   total 65536K, used 11893K [0x00000000fc000000, 0x0000000100000000)
  region size 1024K, 4 young (4096K), 4 survivors (4096K)
 Metaspace       used 7499K, committed 7680K, reserved 1114112K
  class space    used 995K, committed 1088K, reserved 1048576K
}
Event: 499.228 GC heap before
{Heap before GC invocations=2 (full 0):
 garbage-first heap   total 65536K, used 38517K [0x00000000fc000000, 0x0000000100000000)
  region size 1024K, 30 young (30720K), 4 survivors (4096K)
 Metaspace       used 11131K, committed 11392K, reserved 1114112K
  class space    used 1401K, committed 1536K, reserved 1048576K
}
Event: 499.329 GC heap after
{Heap after GC invocations=3 (full 0):
 garbage-first heap   total 65536K, used 14420K [0x00000000fc000000, 0x0000000100000000)
  region size 1024K, 3 young (3072K), 3 survivors (3072K)
 Metaspace       used 11131K, committed 11392K, reserved 1114112K
  class space    used 1401K, committed 1536K, reserved 1048576K
}

Dll operation events (13 events):
Event: 0.010 Loaded shared library C:\Program Files\Microsoft\jdk-17.0.19.10-hotspot\bin\java.dll
Event: 0.034 Loaded shared library C:\Program Files\Microsoft\jdk-17.0.19.10-hotspot\bin\jsvml.dll
Event: 0.070 Loaded shared library C:\Program Files\Microsoft\jdk-17.0.19.10-hotspot\bin\net.dll
Event: 0.073 Loaded shared library C:\Program Files\Microsoft\jdk-17.0.19.10-hotspot\bin\nio.dll
Event: 0.077 Loaded shared library C:\Program Files\Microsoft\jdk-17.0.19.10-hotspot\bin\zip.dll
Event: 0.580 Loaded shared library C:\Program Files\Microsoft\jdk-17.0.19.10-hotspot\bin\jimage.dll
Event: 1.362 Loaded shared library C:\Program Files\Microsoft\jdk-17.0.19.10-hotspot\bin\management.dll
Event: 1.370 Loaded shared library C:\Program Files\Microsoft\jdk-17.0.19.10-hotspot\bin\management_ext.dll
Event: 1.465 Loaded shared library C:\Users\HP\.gradle\native\660c5614fbf4a5f2a75b1949f50a0caf5cd603558e7d8a26e50b933a0cfb79d1\windows-amd64\native-platform.dll
Event: 1.533 Loaded shared library C:\Users\HP\.gradle\native\jansi\2.4.2\Windows\x86_64\jansi.dll
Event: 1.980 Loaded shared library C:\Program Files\Microsoft\jdk-17.0.19.10-hotspot\bin\extnet.dll
Event: 2.493 Loaded shared library C:\Program Files\Microsoft\jdk-17.0.19.10-hotspot\bin\verify.dll
Event: 6.977 Loaded shared library C:\Program Files\Microsoft\jdk-17.0.19.10-hotspot\bin\sunmscapi.dll

Deoptimization events (20 events):
Event: 68.980 Thread 0x000001bd576e15e0 Uncommon trap: trap_request=0xffffff45 fr.pc=0x000001bd4cd015d4 relative=0x00000000000001b4
Event: 68.980 Thread 0x000001bd576e15e0 Uncommon trap: reason=unstable_if action=reinterpret pc=0x000001bd4cd015d4 method=java.lang.String.indexOf(II)I @ 4 c2
Event: 68.980 Thread 0x000001bd576e15e0 DEOPT PACKING pc=0x000001bd4cd015d4 sp=0x00000001019fe460
Event: 68.985 Thread 0x000001bd576e15e0 DEOPT UNPACKING pc=0x000001bd4c7969a3 sp=0x00000001019fe400 mode 2
Event: 68.986 Thread 0x000001bd576e15e0 Uncommon trap: trap_request=0xffffff45 fr.pc=0x000001bd4ccfe67c relative=0x000000000000025c
Event: 68.986 Thread 0x000001bd576e15e0 Uncommon trap: reason=unstable_if action=reinterpret pc=0x000001bd4ccfe67c method=java.lang.String.getChars(II[CI)V @ 23 c2
Event: 68.986 Thread 0x000001bd576e15e0 DEOPT PACKING pc=0x000001bd4ccfe67c sp=0x00000001019fe580
Event: 68.986 Thread 0x000001bd576e15e0 DEOPT UNPACKING pc=0x000001bd4c7969a3 sp=0x00000001019fe518 mode 2
Event: 69.184 Thread 0x000001bd3d67a4c0 Uncommon trap: trap_request=0xffffff45 fr.pc=0x000001bd4cd04218 relative=0x00000000000001f8
Event: 69.184 Thread 0x000001bd3d67a4c0 Uncommon trap: reason=unstable_if action=reinterpret pc=0x000001bd4cd04218 method=java.lang.StringUTF16.compress([CII)[B @ 13 c2
Event: 69.184 Thread 0x000001bd3d67a4c0 DEOPT PACKING pc=0x000001bd4cd04218 sp=0x00000001006fd210
Event: 69.184 Thread 0x000001bd3d67a4c0 DEOPT UNPACKING pc=0x000001bd4c7969a3 sp=0x00000001006fd1b0 mode 2
Event: 145.069 Thread 0x000001bd3d67a4c0 DEOPT PACKING pc=0x000001bd455cc3d5 sp=0x00000001006fd1f0
Event: 145.070 Thread 0x000001bd3d67a4c0 DEOPT UNPACKING pc=0x000001bd4c797143 sp=0x00000001006fc688 mode 0
Event: 212.650 Thread 0x000001bd576e15e0 DEOPT PACKING pc=0x000001bd455cf277 sp=0x00000001019fe1e0
Event: 212.657 Thread 0x000001bd576e15e0 DEOPT UNPACKING pc=0x000001bd4c797143 sp=0x00000001019fd650 mode 0
Event: 212.695 Thread 0x000001bd576e15e0 DEOPT PACKING pc=0x000001bd455cf986 sp=0x00000001019fe330
Event: 212.696 Thread 0x000001bd576e15e0 DEOPT UNPACKING pc=0x000001bd4c797143 sp=0x00000001019fd7e0 mode 0
Event: 348.879 Thread 0x000001bd576e15e0 DEOPT PACKING pc=0x000001bd4563d464 sp=0x00000001019fea10
Event: 348.880 Thread 0x000001bd576e15e0 DEOPT UNPACKING pc=0x000001bd4c797143 sp=0x00000001019fdee0 mode 0

Classes loaded (20 events):
Event: 68.442 Loading class sun/util/logging/internal/LoggingProviderImpl$JULWrapper
Event: 68.443 Loading class sun/util/logging/PlatformLogger$ConfigurableBridge$LoggerConfiguration
Event: 68.444 Loading class sun/util/logging/PlatformLogger$ConfigurableBridge$LoggerConfiguration done
Event: 68.456 Loading class sun/util/logging/internal/LoggingProviderImpl$JULWrapper done
Event: 68.458 Loading class java/io/ObjectInputFilter
Event: 68.458 Loading class java/io/ObjectInputFilter done
Event: 68.465 Loading class java/io/ObjectInputFilter$Config$BuiltinFilterFactory
Event: 68.465 Loading class java/io/ObjectInputFilter$Config$BuiltinFilterFactory done
Event: 68.465 Loading class jdk/internal/access/JavaObjectInputFilterAccess
Event: 68.465 Loading class jdk/internal/access/JavaObjectInputFilterAccess done
Event: 68.466 Loading class java/lang/invoke/MethodHandle$1
Event: 68.466 Loading class java/lang/invoke/MethodHandle$1 done
Event: 68.469 Loading class java/lang/System$Logger$Level
Event: 68.469 Loading class java/lang/System$Logger$Level done
Event: 68.470 Loading class java/io/Bits
Event: 68.470 Loading class java/io/Bits done
Event: 68.987 Loading class sun/nio/cs/Surrogate$Parser
Event: 68.988 Loading class sun/nio/cs/Surrogate$Parser done
Event: 68.988 Loading class sun/nio/cs/Surrogate
Event: 68.989 Loading class sun/nio/cs/Surrogate done

Classes unloaded (0 events):
No events

Classes redefined (0 events):
No events

Internal exceptions (20 events):
Event: 1.542 Thread 0x000001bd3d67a4c0 Exception <a 'java/lang/NullPointerException'{0x00000000feb20e00}> (0x00000000feb20e00) 
thrown [s\src\hotspot\share\interpreter\linkResolver.cpp, line 1350]
Event: 1.542 Thread 0x000001bd3d67a4c0 Exception <a 'java/lang/NullPointerException'{0x00000000feb21380}> (0x00000000feb21380) 
thrown [s\src\hotspot\share\interpreter\linkResolver.cpp, line 1350]
Event: 1.542 Thread 0x000001bd3d67a4c0 Exception <a 'java/lang/NullPointerException'{0x00000000feb21900}> (0x00000000feb21900) 
thrown [s\src\hotspot\share\interpreter\linkResolver.cpp, line 1350]
Event: 1.543 Thread 0x000001bd3d67a4c0 Exception <a 'java/lang/NullPointerException'{0x00000000feb21e80}> (0x00000000feb21e80) 
thrown [s\src\hotspot\share\interpreter\linkResolver.cpp, line 1350]
Event: 1.625 Thread 0x000001bd3d67a4c0 Exception <a 'java/lang/NoSuchMethodError'{0x00000000fe67dc50}: 'java.lang.Object java.lang.invoke.DirectMethodHandle$Holder.newInvokeSpecial(java.lang.Object, java.lang.Object, java.lang.Object, java.lang.Object, java.lang.Object)'> (0x00000000fe67dc50) 
thrown [s\src\hotspot\share\interpreter\linkResolver.cpp, line 759]
Event: 1.648 Thread 0x000001bd3d67a4c0 Exception <a 'java/lang/NoSuchMethodError'{0x00000000fe5743f0}: 'void java.lang.invoke.DirectMethodHandle$Holder.invokeSpecial(java.lang.Object, java.lang.Object, java.lang.Object)'> (0x00000000fe5743f0) 
thrown [s\src\hotspot\share\interpreter\linkResolver.cpp, line 759]
Event: 1.651 Thread 0x000001bd3d67a4c0 Implicit null exception at 0x000001bd4cd2a68b to 0x000001bd4cd2abcc
Event: 1.659 Thread 0x000001bd3d67a4c0 Implicit null exception at 0x000001bd4cd151af to 0x000001bd4cd15229
Event: 1.983 Thread 0x000001bd3d67a4c0 Exception <a 'java/lang/NoSuchMethodError'{0x00000000fe217f20}: 'void java.lang.invoke.DirectMethodHandle$Holder.invokeStatic(java.lang.Object, java.lang.Object, java.lang.Object)'> (0x00000000fe217f20) 
thrown [s\src\hotspot\share\interpreter\linkResolver.cpp, line 759]
Event: 2.129 Thread 0x000001bd3d67a4c0 Exception <a 'java/lang/NoSuchMethodError'{0x00000000ffc0bdc8}: 'java.lang.Object java.lang.invoke.DirectMethodHandle$Holder.invokeStaticInit(java.lang.Object, int, int, int, int)'> (0x00000000ffc0bdc8) 
thrown [s\src\hotspot\share\interpreter\linkResolver.cpp, line 759]
Event: 2.244 Thread 0x000001bd3d67a4c0 Exception <a 'java/lang/NoSuchMethodError'{0x00000000ffce6768}: 'java.lang.Object java.lang.invoke.DirectMethodHandle$Holder.invokeStaticInit(java.lang.Object, java.lang.Object, int, int, int, int)'> (0x00000000ffce6768) 
thrown [s\src\hotspot\share\interpreter\linkResolver.cpp, line 759]
Event: 2.277 Thread 0x000001bd3d67a4c0 Implicit null exception at 0x000001bd4cd2b155 to 0x000001bd4cd2b70c
Event: 2.278 Thread 0x000001bd3d67a4c0 Implicit null exception at 0x000001bd4cd31dd2 to 0x000001bd4cd32394
Event: 2.291 Thread 0x000001bd3d67a4c0 Exception <a 'java/net/ConnectException'{0x00000000ffa03810}: Connection refused: getsockopt> (0x00000000ffa03810) 
thrown [s\src\hotspot\share\prims\jni.cpp, line 535]
Event: 2.542 Thread 0x000001bd576e01a0 Exception <a 'java/lang/NoSuchMethodError'{0x00000000ff20db88}: 'void java.lang.invoke.DirectMethodHandle$Holder.invokeStatic(java.lang.Object, long)'> (0x00000000ff20db88) 
thrown [s\src\hotspot\share\interpreter\linkResolver.cpp, line 759]
Event: 2.543 Thread 0x000001bd576e01a0 Exception <a 'java/lang/NoSuchMethodError'{0x00000000ff213268}: 'java.lang.Object java.lang.invoke.DirectMethodHandle$Holder.newInvokeSpecial(java.lang.Object, long)'> (0x00000000ff213268) 
thrown [s\src\hotspot\share\interpreter\linkResolver.cpp, line 759]
Event: 2.546 Thread 0x000001bd576e01a0 Exception <a 'java/lang/NoSuchMethodError'{0x00000000ff21a548}: 'java.lang.Object java.lang.invoke.DirectMethodHandle$Holder.invokeStatic(java.lang.Object, java.lang.Object, long, java.lang.Object)'> (0x00000000ff21a548) 
thrown [s\src\hotspot\share\interpreter\linkResolver.cpp, line 759]
Event: 2.549 Thread 0x000001bd576e01a0 Exception <a 'java/lang/NoSuchMethodError'{0x00000000ff21dd20}: 'java.lang.Object java.lang.invoke.DirectMethodHandle$Holder.invokeStaticInit(java.lang.Object, java.lang.Object, long, java.lang.Object)'> (0x00000000ff21dd20) 
thrown [s\src\hotspot\share\interpreter\linkResolver.cpp, line 759]
Event: 2.550 Thread 0x000001bd576e01a0 Exception <a 'java/lang/NoSuchMethodError'{0x00000000ff2243b8}: 'java.lang.Object java.lang.invoke.DirectMethodHandle$Holder.newInvokeSpecial(java.lang.Object, java.lang.Object, long)'> (0x00000000ff2243b8) 
thrown [s\src\hotspot\share\interpreter\linkResolver.cpp, line 759]
Event: 2.550 Thread 0x000001bd576e01a0 Exception <a 'java/lang/NoSuchMethodError'{0x00000000ff2286a8}: 'java.lang.Object java.lang.invoke.Invokers$Holder.linkToTargetMethod(java.lang.Object, long, java.lang.Object)'> (0x00000000ff2286a8) 
thrown [s\src\hotspot\share\interpreter\linkResolver.cpp, line 759]

VM Operations (20 events):
Event: 354.817 Executing VM operation: Cleanup
Event: 354.817 Executing VM operation: Cleanup done
Event: 356.841 Executing VM operation: Cleanup
Event: 356.841 Executing VM operation: Cleanup done
Event: 361.242 Executing VM operation: HandshakeAllThreads
Event: 361.243 Executing VM operation: HandshakeAllThreads done
Event: 366.286 Executing VM operation: Cleanup
Event: 366.288 Executing VM operation: Cleanup done
Event: 395.525 Executing VM operation: Cleanup
Event: 395.526 Executing VM operation: Cleanup done
Event: 396.535 Executing VM operation: Cleanup
Event: 396.535 Executing VM operation: Cleanup done
Event: 465.168 Executing VM operation: Cleanup
Event: 465.169 Executing VM operation: Cleanup done
Event: 494.385 Executing VM operation: Cleanup
Event: 494.386 Executing VM operation: Cleanup done
Event: 499.224 Executing VM operation: G1CollectForAllocation
Event: 499.329 Executing VM operation: G1CollectForAllocation done
Event: 539.653 Executing VM operation: Cleanup
Event: 539.658 Executing VM operation: Cleanup done

Memory protections (0 events):
No events

Nmethod flushes (0 events):
No events

Events (20 events):
Event: 0.048 Thread 0x000001bd3d67a4c0 Thread added: 0x000001bd5756b160
Event: 0.048 Thread 0x000001bd3d67a4c0 Thread added: 0x000001bd5756bb20
Event: 0.048 Thread 0x000001bd3d67a4c0 Thread added: 0x000001bd5756c810
Event: 0.048 Thread 0x000001bd3d67a4c0 Thread added: 0x000001bd575a7760
Event: 0.049 Thread 0x000001bd3d67a4c0 Thread added: 0x000001bd575bc550
Event: 0.063 Thread 0x000001bd3d67a4c0 Thread added: 0x000001bd576e06b0
Event: 0.066 Thread 0x000001bd3d67a4c0 Thread added: 0x000001bd576e10d0
Event: 0.342 Thread 0x000001bd575a7760 Thread added: 0x000001bd57819f20
Event: 1.467 Thread 0x000001bd57819f20 Thread exited: 0x000001bd57819f20
Event: 1.530 Thread 0x000001bd3d67a4c0 Thread added: 0x000001bd576df780
Event: 1.540 Thread 0x000001bd576df780 Thread exited: 0x000001bd576df780
Event: 1.567 Thread 0x000001bd3d67a4c0 Thread added: 0x000001bd576e15e0
Event: 2.398 Thread 0x000001bd575a7760 Thread added: 0x000001bd9de1a570
Event: 2.530 Thread 0x000001bd3d67a4c0 Thread added: 0x000001bd576e01a0
Event: 2.553 Thread 0x000001bd576e01a0 Thread added: 0x000001bd576e1af0
Event: 2.554 Thread 0x000001bd576e1af0 Thread exited: 0x000001bd576e1af0
Event: 2.555 Thread 0x000001bd576e01a0 Thread added: 0x000001bd576e2000
Event: 3.480 Thread 0x000001bd9de1a570 Thread exited: 0x000001bd9de1a570
Event: 6.924 Thread 0x000001bd576e01a0 Thread exited: 0x000001bd576e01a0
Event: 6.924 Thread 0x000001bd576e2000 Thread exited: 0x000001bd576e2000


Dynamic libraries:
0x00007ff653c60000 - 0x00007ff653c6e000 	C:\Program Files\Microsoft\jdk-17.0.19.10-hotspot\bin\java.exe
0x00007ffb01cc0000 - 0x00007ffb01f26000 	C:\windows\SYSTEM32\ntdll.dll
0x00007ffb00690000 - 0x00007ffb00759000 	C:\windows\System32\KERNEL32.DLL
0x00007ffafef50000 - 0x00007ffaff34a000 	C:\windows\System32\KERNELBASE.dll
0x00007ffaff350000 - 0x00007ffaff49c000 	C:\windows\System32\ucrtbase.dll
0x00007ffaeb8b0000 - 0x00007ffaeb8ce000 	C:\Program Files\Microsoft\jdk-17.0.19.10-hotspot\bin\VCRUNTIME140.dll
0x00007ffaeb890000 - 0x00007ffaeb8a8000 	C:\Program Files\Microsoft\jdk-17.0.19.10-hotspot\bin\jli.dll
0x00007ffb01690000 - 0x00007ffb01857000 	C:\windows\System32\USER32.dll
0x00007ffafe150000 - 0x00007ffafe3e2000 	C:\windows\WinSxS\amd64_microsoft.windows.common-controls_6595b64144ccf1df_6.0.26100.8521_none_3e08b75ce33403b3\COMCTL32.dll
0x00007ffaff970000 - 0x00007ffaff997000 	C:\windows\System32\win32u.dll
0x00007ffb00870000 - 0x00007ffb00919000 	C:\windows\System32\msvcrt.dll
0x00007ffb00bb0000 - 0x00007ffb00bdb000 	C:\windows\System32\GDI32.dll
0x00007ffaff840000 - 0x00007ffaff96b000 	C:\windows\System32\gdi32full.dll
0x00007ffaff790000 - 0x00007ffaff833000 	C:\windows\System32\msvcp_win.dll
0x00007ffb00430000 - 0x00007ffb00462000 	C:\windows\System32\IMM32.DLL
0x00007ffaeb7d0000 - 0x00007ffaeb7dc000 	C:\Program Files\Microsoft\jdk-17.0.19.10-hotspot\bin\vcruntime140_1.dll
0x00007ffad0960000 - 0x00007ffad09e9000 	C:\Program Files\Microsoft\jdk-17.0.19.10-hotspot\bin\msvcp140.dll
0x00007ffa5d6a0000 - 0x00007ffa5e31b000 	C:\Program Files\Microsoft\jdk-17.0.19.10-hotspot\bin\server\jvm.dll
0x00007ffb00470000 - 0x00007ffb00526000 	C:\windows\System32\ADVAPI32.dll
0x00007ffaffa30000 - 0x00007ffaffada000 	C:\windows\System32\sechost.dll
0x00007ffb01490000 - 0x00007ffb015a8000 	C:\windows\System32\RPCRT4.dll
0x00007ffb01860000 - 0x00007ffb018e0000 	C:\windows\System32\WS2_32.dll
0x00007ffafedb0000 - 0x00007ffafee0e000 	C:\windows\SYSTEM32\POWRPROF.dll
0x00007ffaf4340000 - 0x00007ffaf4376000 	C:\windows\SYSTEM32\WINMM.dll
0x00007ffaf4ee0000 - 0x00007ffaf4eeb000 	C:\windows\SYSTEM32\VERSION.dll
0x00007ffafed90000 - 0x00007ffafeda4000 	C:\windows\SYSTEM32\UMPDC.dll
0x00007ffafd3b0000 - 0x00007ffafd3cb000 	C:\windows\SYSTEM32\kernel.appcore.dll
0x00007ffaeb7c0000 - 0x00007ffaeb7ca000 	C:\Program Files\Microsoft\jdk-17.0.19.10-hotspot\bin\jimage.dll
0x00007ffafe700000 - 0x00007ffafe942000 	C:\windows\SYSTEM32\DBGHELP.DLL
0x00007ffb018f0000 - 0x00007ffb01c73000 	C:\windows\System32\combase.dll
0x00007ffb00790000 - 0x00007ffb00869000 	C:\windows\System32\OLEAUT32.dll
0x00007ffafe5f0000 - 0x00007ffafe62b000 	C:\windows\SYSTEM32\dbgcore.DLL
0x00007ffaff4a0000 - 0x00007ffaff548000 	C:\windows\System32\bcryptPrimitives.dll
0x00007ffaeb790000 - 0x00007ffaeb7b6000 	C:\Program Files\Microsoft\jdk-17.0.19.10-hotspot\bin\java.dll
0x00007ffad0580000 - 0x00007ffad0656000 	C:\Program Files\Microsoft\jdk-17.0.19.10-hotspot\bin\jsvml.dll
0x00007ffaffc80000 - 0x00007ffb00404000 	C:\windows\System32\SHELL32.dll
0x00007ffafc200000 - 0x00007ffafca80000 	C:\windows\SYSTEM32\windows.storage.dll
0x00007ffb01280000 - 0x00007ffb01376000 	C:\windows\System32\SHCORE.dll
0x00007ffb009e0000 - 0x00007ffb00a47000 	C:\windows\System32\shlwapi.dll
0x00007ffafee70000 - 0x00007ffafee99000 	C:\windows\SYSTEM32\profapi.dll
0x00007ffae1be0000 - 0x00007ffae1bfb000 	C:\Program Files\Microsoft\jdk-17.0.19.10-hotspot\bin\net.dll
0x00007ffaf6f10000 - 0x00007ffaf7039000 	C:\windows\SYSTEM32\WINHTTP.dll
0x00007ffafd900000 - 0x00007ffafd96c000 	C:\windows\system32\mswsock.dll
0x00007ffade5e0000 - 0x00007ffade5f6000 	C:\Program Files\Microsoft\jdk-17.0.19.10-hotspot\bin\nio.dll
0x00007ffad0810000 - 0x00007ffad0828000 	C:\Program Files\Microsoft\jdk-17.0.19.10-hotspot\bin\zip.dll
0x00007ffae1bd0000 - 0x00007ffae1bda000 	C:\Program Files\Microsoft\jdk-17.0.19.10-hotspot\bin\management.dll
0x00007ffae0d80000 - 0x00007ffae0d8c000 	C:\Program Files\Microsoft\jdk-17.0.19.10-hotspot\bin\management_ext.dll
0x00007ffb00420000 - 0x00007ffb00428000 	C:\windows\System32\PSAPI.DLL
0x00007ffaeae70000 - 0x00007ffaeae97000 	C:\Users\HP\.gradle\native\660c5614fbf4a5f2a75b1949f50a0caf5cd603558e7d8a26e50b933a0cfb79d1\windows-amd64\native-platform.dll
0x00007ffad0550000 - 0x00007ffad0574000 	C:\Users\HP\.gradle\native\jansi\2.4.2\Windows\x86_64\jansi.dll
0x00007ffafcdb0000 - 0x00007ffafcde3000 	C:\windows\SYSTEM32\IPHLPAPI.DLL
0x00007ffb01400000 - 0x00007ffb0140a000 	C:\windows\System32\NSI.dll
0x00007ffaf7c60000 - 0x00007ffaf7c7d000 	C:\windows\SYSTEM32\dhcpcsvc6.DLL
0x00007ffaf7ac0000 - 0x00007ffaf7ae5000 	C:\windows\SYSTEM32\dhcpcsvc.DLL
0x00007ffafce40000 - 0x00007ffafcf8a000 	C:\windows\SYSTEM32\DNSAPI.dll
0x00007ffafd6e0000 - 0x00007ffafd6ed000 	C:\windows\SYSTEM32\DSPARSE.dll
0x00007ffade5d0000 - 0x00007ffade5d9000 	C:\Program Files\Microsoft\jdk-17.0.19.10-hotspot\bin\extnet.dll
0x00007ffafea70000 - 0x00007ffafea8b000 	C:\windows\SYSTEM32\CRYPTSP.dll
0x00007ffafd820000 - 0x00007ffafd859000 	C:\windows\system32\rsaenh.dll
0x00007ffafd9e0000 - 0x00007ffafda13000 	C:\windows\SYSTEM32\USERENV.dll
0x00007ffafee40000 - 0x00007ffafee6a000 	C:\windows\SYSTEM32\bcrypt.dll
0x00007ffafddd0000 - 0x00007ffafdddc000 	C:\windows\SYSTEM32\CRYPTBASE.dll
0x00007ffad3680000 - 0x00007ffad3690000 	C:\Program Files\Microsoft\jdk-17.0.19.10-hotspot\bin\verify.dll
0x00007ffad0910000 - 0x00007ffad091e000 	C:\Program Files\Microsoft\jdk-17.0.19.10-hotspot\bin\sunmscapi.dll
0x00007ffaff550000 - 0x00007ffaff6c8000 	C:\windows\System32\CRYPT32.dll
0x00007ffafe010000 - 0x00007ffafe040000 	C:\windows\SYSTEM32\ncrypt.dll
0x00007ffafdf00000 - 0x00007ffafdf3f000 	C:\windows\SYSTEM32\NTASN1.dll
0x00007ffaf6cd0000 - 0x00007ffaf6cd8000 	C:\windows\system32\wshunix.dll

dbghelp: loaded successfully - version: 4.0.5 - missing functions: none
symbol engine: initialized successfully - sym options: 0x614 - pdb path: .;C:\Program Files\Microsoft\jdk-17.0.19.10-hotspot\bin;C:\windows\SYSTEM32;C:\windows\WinSxS\amd64_microsoft.windows.common-controls_6595b64144ccf1df_6.0.26100.8521_none_3e08b75ce33403b3;C:\Program Files\Microsoft\jdk-17.0.19.10-hotspot\bin\server;C:\Users\HP\.gradle\native\660c5614fbf4a5f2a75b1949f50a0caf5cd603558e7d8a26e50b933a0cfb79d1\windows-amd64;C:\Users\HP\.gradle\native\jansi\2.4.2\Windows\x86_64

VM Arguments:
jvm_args: -Xmx64m -Xms64m -Dorg.gradle.appname=gradlew 
java_command: D:\HRportal-Mobile--version\android\\gradle\wrapper\gradle-wrapper.jar app:installDebug -PreactNativeDevServerPort=8081
java_class_path (initial): D:\HRportal-Mobile--version\android\\gradle\wrapper\gradle-wrapper.jar
Launcher Type: SUN_STANDARD

[Global flags]
     intx CICompilerCount                          = 4                                         {product} {ergonomic}
     uint ConcGCThreads                            = 3                                         {product} {ergonomic}
     uint G1ConcRefinementThreads                  = 10                                        {product} {ergonomic}
   size_t G1HeapRegionSize                         = 1048576                                   {product} {ergonomic}
    uintx GCDrainStackTargetSize                   = 64                                        {product} {ergonomic}
   size_t InitialHeapSize                          = 67108864                                  {product} {command line}
   size_t MarkStackSize                            = 4194304                                   {product} {ergonomic}
   size_t MaxHeapSize                              = 67108864                                  {product} {command line}
   size_t MaxNewSize                               = 39845888                                  {product} {ergonomic}
   size_t MinHeapDeltaBytes                        = 1048576                                   {product} {ergonomic}
   size_t MinHeapSize                              = 67108864                                  {product} {command line}
    uintx NonNMethodCodeHeapSize                   = 5839372                                {pd product} {ergonomic}
    uintx NonProfiledCodeHeapSize                  = 122909434                              {pd product} {ergonomic}
    uintx ProfiledCodeHeapSize                     = 122909434                              {pd product} {ergonomic}
    uintx ReservedCodeCacheSize                    = 251658240                              {pd product} {ergonomic}
     bool SegmentedCodeCache                       = true                                      {product} {ergonomic}
   size_t SoftMaxHeapSize                          = 67108864                               {manageable} {ergonomic}
     bool UseCompressedClassPointers               = true                           {product lp64_product} {ergonomic}
     bool UseCompressedOops                        = true                           {product lp64_product} {ergonomic}
     bool UseG1GC                                  = true                                      {product} {ergonomic}
     bool UseLargePagesIndividualAllocation        = false                                  {pd product} {ergonomic}

Logging:
Log output configuration:
 #0: stdout all=warning uptime,level,tags
 #1: stderr all=off uptime,level,tags

Environment Variables:
JAVA_HOME=C:\Program Files\Microsoft\jdk-17.0.19.10-hotspot\
PATH=D:\HRportal-Mobile--version\node_modules\.bin;D:\node_modules\.bin;C:\Users\HP\AppData\Roaming\npm\node_modules\npm\node_modules\@npmcli\run-script\lib\node-gyp-bin;C:\Program Files\Microsoft\jdk-17.0.19.10-hotspot\bin;C:\windows\system32;C:\windows;C:\windows\System32\Wbem;C:\windows\System32\WindowsPowerShell\v1.0\;C:\windows\System32\OpenSSH\;C:\Program Files (x86)\NVIDIA Corporation\PhysX\Common;C:\Program Files\NVIDIA Corporation\NVIDIA NvDLISR;C:\Program Files\nodejs\;C:\Program Files\Git\cmd;C:\Program Files\cursor\resources\app\bin;C:\Program Files\Tailscale\;C:\Users\HP\AppData\Local\Android\Sdk\platform-tools;C:\Users\HP\AppData\Local\Android\Sdk\tools;C:\Users\HP\.local\bin;C:\Users\HP\AppData\Local\Programs\Python\Python313\Scripts\;C:\Users\HP\AppData\Local\Programs\Python\Python313\;C:\Users\HP\AppData\Local\Programs\Python\Launcher\;C:\Users\HP\AppData\Local\Microsoft\WindowsApps;C:\Users\HP\AppData\Local\Programs\Microsoft VS Code\bin;C:\Users\HP\AppData\Roaming\npm;C:\Users\HP\AppData\Local\Google\Cloud SDK\google-cloud-sdk\bin;C:\Users\HP\AppData\Local\Programs\Antigravity\bin;C:\Users\HP\AppData\Local\Programs\cursor\resources\app\bin;C:\Users\HP\AppData\Local\Programs\Antigravity IDE\bin;C:\Users\HP\AppData\Local\Android\Sdk\platform-tools;C:\Users\HP\AppData\Local\Android\Sdk\emulator;
USERNAME=HP
OS=Windows_NT
PROCESSOR_IDENTIFIER=AMD64 Family 25 Model 80 Stepping 0, AuthenticAMD
TMP=C:\Users\HP\AppData\Local\Temp
TEMP=C:\Users\HP\AppData\Local\Temp



Periodic native trim disabled


---------------  S Y S T E M  ---------------

OS:
 Windows 11 , 64 bit Build 26100 (10.0.26100.8521)
OS uptime: 0 days 16:18 hours
Hyper-V role detected

CPU: total 12 (initial active 12) (12 cores per cpu, 2 threads per core) family 25 model 80 stepping 0 microcode 0xa50000f, cx8, cmov, fxsr, ht, mmx, 3dnowpref, sse, sse2, sse3, ssse3, sse4a, sse4.1, sse4.2, popcnt, lzcnt, tsc, tscinvbit, avx, avx2, aes, erms, clmul, bmi1, bmi2, adx, sha, fma, vzeroupper, clflush, clflushopt, hv
Processor Information for the first 12 processors :
  Max Mhz: 3301, Current Mhz: 3301, Mhz Limit: 3301

Memory: 4k page, system-wide physical 7518M (598M free)
TotalPageFile size 31069M (AvailPageFile size 9M)
current process WorkingSet (physical memory assigned to process): 13M, peak: 109M
current process commit charge ("private bytes"): 173M, peak: 198M

vm_info: OpenJDK 64-Bit Server VM (17.0.19+10-LTS) for windows-amd64 JRE (17.0.19+10-LTS), built on Apr 18 2026 18:24:40 by "MicrosoftCorporation" with MS VC++ 17.14 (VS2022)

END.
